// Jest Snapshot v1, https://goo.gl/fbAQLP

exports[`landing dashboard page tests render 1`] = `
<div>
  <div
    class="Layout--horizontal StyledProps--main PageHeader--container PageHeader--standard StyledProps--flex StyledProps--padding-left-xlarge StyledProps--padding-right-xlarge StyledProps--background-white"
    data-testid="page-header"
  >
    <div
      class="Layout--vertical StyledProps--main"
    >
      <h2
        class="StyledProps--font StyledProps--font-h2 StyledProps--main StyledProps--color StyledProps--color-grey800 StyledProps--font-weight-bold"
        level="2"
      >
        projectsOrgs.landingDashboard.dashboardTitle
      </h2>
    </div>
    <span
      class="bp3-popover-wrapper"
    >
      <span
        class="bp3-popover-target"
      >
        <button
          aria-label="common.timeRangeConstants.last7Days"
          class="bp3-button bp3-minimal Button--button StyledProps--font StyledProps--main timeRangeButton StyledProps--intent-primary StyledProps--padding-small Button--with-current-color Button--without-shadow Button--withLeftIcon Button--withRightIcon"
          type="button"
        >
          <span
            class="bp3-icon bp3-icon-calendar StyledProps--main StyledProps--padding-right-xsmall"
            icon="calendar"
          >
            <svg
              data-icon="calendar"
              height="16"
              viewBox="0 0 16 16"
              width="16"
            >
              <desc>
                calendar
              </desc>
              <path
                d="M11 3c.6 0 1-.5 1-1V1c0-.6-.4-1-1-1s-1 .4-1 1v1c0 .5.4 1 1 1zm3-2h-1v1c0 1.1-.9 2-2 2s-2-.9-2-2V1H6v1c0 1.1-.9 2-2 2s-2-.9-2-2V1H1c-.6 0-1 .5-1 1v12c0 .6.4 1 1 1h13c.6 0 1-.4 1-1V2c0-.6-.5-1-1-1zM5 13H2v-3h3v3zm0-4H2V6h3v3zm4 4H6v-3h3v3zm0-4H6V6h3v3zm4 4h-3v-3h3v3zm0-4h-3V6h3v3zM4 3c.6 0 1-.5 1-1V1c0-.6-.4-1-1-1S3 .4 3 1v1c0 .5.4 1 1 1z"
                fill-rule="evenodd"
              />
            </svg>
          </span>
          <span
            class="bp3-button-text"
          >
            common.timeRangeConstants.last7Days
          </span>
          <span
            class="bp3-icon bp3-icon-caret-down StyledProps--main"
            icon="caret-down"
          >
            <svg
              data-icon="caret-down"
              height="16"
              viewBox="0 0 16 16"
              width="16"
            >
              <desc>
                caret-down
              </desc>
              <path
                d="M12 6.5c0-.28-.22-.5-.5-.5h-7a.495.495 0 00-.37.83l3.5 4c.09.1.22.17.37.17s.28-.07.37-.17l3.5-4c.08-.09.13-.2.13-.33z"
                fill-rule="evenodd"
              />
            </svg>
          </span>
        </button>
      </span>
    </span>
  </div>
  <div
    class="StyledProps--font StyledProps--main PageBody--pageBody"
    data-name="page-body"
    data-testid="page-body"
  >
    <div
      class="Layout--horizontal StyledProps--main container StyledProps--padding-top-huge StyledProps--flex StyledProps--flex-justifyContent-center StyledProps--flex-alignItems-flex-start"
    >
      <div
        class="Layout--vertical StyledProps--main left"
      >
        overview glance cards
      </div>
    </div>
  </div>
</div>
`;
