// Jest Snapshot v1, https://goo.gl/fbAQLP

exports[`test case for anomalies detection overview page Should be able to create new filter 1`] = `
<div
  class="bp3-drawer bp3-position-right filterDrawer bp3-overlay-content bp3-overlay-appear bp3-overlay-appear-active"
  style="width: 632px;"
  tabindex="0"
>
  <div
    class="Layout--horizontal StyledProps--main drawerContent"
  >
    <span
      class="bp3-icon bp3-icon-cross StyledProps--main exitIcon StyledProps--color StyledProps--color-white"
      icon="cross"
    >
      <svg
        data-icon="cross"
        height="22"
        viewBox="0 0 20 20"
        width="22"
      >
        <desc>
          cross
        </desc>
        <path
          d="M11.41 10l4.29-4.29c.19-.18.3-.43.3-.71a1.003 1.003 0 00-1.71-.71L10 8.59l-4.29-4.3a1.003 1.003 0 00-1.42 1.42L8.59 10 4.3 14.29c-.19.18-.3.43-.3.71a1.003 1.003 0 001.71.71l4.29-4.3 4.29 4.29c.18.19.43.3.71.3a1.003 1.003 0 00.71-1.71L11.41 10z"
          fill-rule="evenodd"
        />
      </svg>
    </span>
    <div
      class="Layout--vertical StyledProps--main formContainer StyledProps--padding-xlarge"
      style="width: 398px;"
    >
      <div
        class="StyledProps--font StyledProps--main formHeader"
      >
        <p
          class="StyledProps--font StyledProps--main StyledProps--font-variation-h5 StyledProps--color StyledProps--color-grey300"
        >
          filters.newFilter
        </p>
      </div>
      <div
        class="StyledProps--font StyledProps--main StyledProps--padding-top-xlarge"
        style="height: 100%;"
      >
        <p
          class="StyledProps--font StyledProps--main StyledProps--padding-bottom-small StyledProps--color StyledProps--color-grey700 StyledProps--font-variation-small-semi"
        >
          tagsLabel
        </p>
        <div
          class="bp3-input bp3-tag-input tagInput"
        >
          <div
            class="bp3-tag-input-values"
          >
            <input
              class="bp3-input-ghost"
              value=""
            />
          </div>
        </div>
        <p
          class="StyledProps--font StyledProps--main StyledProps--padding-bottom-small StyledProps--color StyledProps--color-grey700 StyledProps--font-variation-small-semi"
        >
          ce.anomalyDetection.filters.actualSpend
        </p>
        <div
          class="TextInput--main"
        >
          <div
            class="bp3-input-group"
          >
            <input
              class="bp3-input"
              type="text"
              value="0"
            />
          </div>
        </div>
        <p
          class="StyledProps--font StyledProps--main StyledProps--padding-bottom-small StyledProps--color StyledProps--color-grey700 StyledProps--font-variation-small-semi"
        >
          ce.anomalyDetection.filters.anomalousSpend
        </p>
        <div
          class="TextInput--main"
        >
          <div
            class="bp3-input-group"
          >
            <input
              class="bp3-input"
              type="text"
              value="0"
            />
          </div>
        </div>
        <div
          class="bp3-card bp3-elevation-0 Card--card filterCard"
          style="width: 100%;"
        >
          <div
            class="Layout--horizontal StyledProps--main StyledProps--flex"
          >
            <p
              class="StyledProps--font StyledProps--main StyledProps--color StyledProps--color-grey700"
            >
              ce.anomalyDetection.filters.awsFilters
            </p>
            <span
              class="bp3-icon bp3-icon-chevron-down StyledProps--main pointer StyledProps--color StyledProps--color-primary7"
              icon="chevron-down"
            >
              <svg
                data-icon="chevron-down"
                height="16"
                viewBox="0 0 16 16"
                width="16"
              >
                <desc>
                  chevron-down
                </desc>
                <path
                  d="M12 5c-.28 0-.53.11-.71.29L8 8.59l-3.29-3.3a1.003 1.003 0 00-1.42 1.42l4 4c.18.18.43.29.71.29s.53-.11.71-.29l4-4A1.003 1.003 0 0012 5z"
                  fill-rule="evenodd"
                />
              </svg>
            </span>
          </div>
        </div>
        <div
          class="bp3-card bp3-elevation-0 Card--card filterCard"
          style="width: 100%;"
        >
          <div
            class="Layout--horizontal StyledProps--main StyledProps--flex"
          >
            <p
              class="StyledProps--font StyledProps--main StyledProps--color StyledProps--color-grey700"
            >
              ce.anomalyDetection.filters.clusterFilters
            </p>
            <span
              class="bp3-icon bp3-icon-chevron-down StyledProps--main pointer StyledProps--color StyledProps--color-primary7"
              icon="chevron-down"
            >
              <svg
                data-icon="chevron-down"
                height="16"
                viewBox="0 0 16 16"
                width="16"
              >
                <desc>
                  chevron-down
                </desc>
                <path
                  d="M12 5c-.28 0-.53.11-.71.29L8 8.59l-3.29-3.3a1.003 1.003 0 00-1.42 1.42l4 4c.18.18.43.29.71.29s.53-.11.71-.29l4-4A1.003 1.003 0 0012 5z"
                  fill-rule="evenodd"
                />
              </svg>
            </span>
          </div>
        </div>
        <div
          class="bp3-card bp3-elevation-0 Card--card filterCard"
          style="width: 100%;"
        >
          <div
            class="Layout--horizontal StyledProps--main StyledProps--flex"
          >
            <p
              class="StyledProps--font StyledProps--main StyledProps--color StyledProps--color-grey700"
            >
              ce.anomalyDetection.filters.gcpFilters
            </p>
            <span
              class="bp3-icon bp3-icon-chevron-down StyledProps--main pointer StyledProps--color StyledProps--color-primary7"
              icon="chevron-down"
            >
              <svg
                data-icon="chevron-down"
                height="16"
                viewBox="0 0 16 16"
                width="16"
              >
                <desc>
                  chevron-down
                </desc>
                <path
                  d="M12 5c-.28 0-.53.11-.71.29L8 8.59l-3.29-3.3a1.003 1.003 0 00-1.42 1.42l4 4c.18.18.43.29.71.29s.53-.11.71-.29l4-4A1.003 1.003 0 0012 5z"
                  fill-rule="evenodd"
                />
              </svg>
            </span>
          </div>
        </div>
      </div>
      <div
        class="StyledProps--font StyledProps--main"
      >
        <button
          class="bp3-button Button--button StyledProps--font StyledProps--main Button--with-current-color Button--variation Button--variation-primary"
          type="button"
        >
          <span
            class="bp3-button-text"
          >
            common.apply
          </span>
        </button>
        <button
          class="bp3-button Button--button StyledProps--font StyledProps--main StyledProps--margin-left-small Button--with-current-color Button--variation Button--variation-tertiary"
          type="button"
        >
          <span
            class="bp3-button-text"
          >
            filters.clearAll
          </span>
        </button>
      </div>
    </div>
    <div
      class="Layout--vertical StyledProps--main saveFilterContainer StyledProps--background-primary9"
      style="width: 234px;"
    >
      <div
        class="StyledProps--font StyledProps--main StyledProps--padding-xlarge"
      >
        <span
          class="bp3-icon StyledProps--main StyledProps--color StyledProps--color-white"
          data-icon="ng-filter"
        >
          <svg
            height="22"
            viewBox="0 0 24 24"
            width="22"
            xmlns="http://www.w3.org/2000/svg"
          >
            <path
              clip-rule="evenodd"
              d="M16.5 8V7H19a.5.5 0 000-1h-2.5V5a.5.5 0 00-1 0v1H5a.5.5 0 000 1h10.5v1a.5.5 0 001 0zM5 11.5h3v-1a.5.5 0 011 0v1h10a.5.5 0 010 1H9v1a.5.5 0 01-1 0v-1H5a.5.5 0 010-1zM5 17a.5.5 0 000 1h7v1a.5.5 0 001 0v-1h6a.5.5 0 000-1h-6v-1a.5.5 0 00-1 0v1H5z"
              fill="currentColor"
              fill-rule="evenodd"
            />
          </svg>
        </span>
        <span
          class="StyledProps--font StyledProps--main StyledProps--inline StyledProps--font-variation-h5 StyledProps--color StyledProps--color-white StyledProps--margin-left-medium"
        >
          filters.filtersLabel
        </span>
      </div>
      <div
        class="StyledProps--font StyledProps--main newFilterBtn selected"
      >
        <span
          class="bp3-icon bp3-icon-plus StyledProps--main StyledProps--color StyledProps--color-white"
          icon="plus"
        >
          <svg
            data-icon="plus"
            height="18"
            viewBox="0 0 16 16"
            width="18"
          >
            <desc>
              plus
            </desc>
            <path
              d="M13 7H9V3c0-.55-.45-1-1-1s-1 .45-1 1v4H3c-.55 0-1 .45-1 1s.45 1 1 1h4v4c0 .55.45 1 1 1s1-.45 1-1V9h4c.55 0 1-.45 1-1s-.45-1-1-1z"
              fill-rule="evenodd"
            />
          </svg>
        </span>
        <span
          class="StyledProps--font StyledProps--main StyledProps--inline StyledProps--font-variation-small-semi StyledProps--color StyledProps--color-white StyledProps--margin-left-medium"
        >
          filters.newFilter
        </span>
      </div>
      <div
        class="StyledProps--font StyledProps--main"
        style="height: 100%;"
      >
        <div
          class="Layout--horizontal StyledProps--main savedFilter StyledProps--flex"
        >
          <div
            class="Layout--horizontal StyledProps--main"
          >
            <span
              class="StyledProps--font StyledProps--main StyledProps--inline StyledProps--padding-left-xlarge StyledProps--font-variation-small-semi StyledProps--color StyledProps--color-white"
            >
              Test1
            </span>
          </div>
          <span
            class="bp3-popover-wrapper bp3-dark"
          >
            <span
              class="bp3-popover-target"
            >
              <span
                class="bp3-icon StyledProps--main"
                data-icon="Options"
              >
                <svg
                  fill="none"
                  height="16"
                  viewBox="0 0 4 16"
                  width="16"
                  xmlns="http://www.w3.org/2000/svg"
                >
                  <path
                    clip-rule="evenodd"
                    d="M2 12.5a1 1 0 100 2 1 1 0 000-2zm-2 1a2 2 0 114 0 2 2 0 01-4 0zm2-12a1 1 0 100 2 1 1 0 000-2zm-2 1a2 2 0 114 0 2 2 0 01-4 0zM2 7a1 1 0 100 2 1 1 0 000-2zM0 8a2 2 0 114 0 2 2 0 01-4 0z"
                    fill="currentColor"
                    fill-rule="evenodd"
                  />
                </svg>
              </span>
            </span>
          </span>
        </div>
        <div
          class="Layout--horizontal StyledProps--main savedFilter StyledProps--flex"
        >
          <div
            class="Layout--horizontal StyledProps--main"
          >
            <span
              class="bp3-icon bp3-icon-lock StyledProps--main StyledProps--inline"
              icon="lock"
            >
              <svg
                data-icon="lock"
                height="16"
                viewBox="0 0 16 16"
                width="16"
              >
                <desc>
                  lock
                </desc>
                <path
                  d="M13.96 7H12V3.95C12 1.77 10.21 0 8 0S4 1.77 4 3.95V7H1.96c-.55 0-.96.35-.96.9v6.91c0 .54.41 1.19.96 1.19h12c.55 0 1.04-.65 1.04-1.19V7.9c0-.55-.49-.9-1.04-.9zM6 7V3.95c0-1.09.9-1.97 2-1.97s2 .88 2 1.97V7H6z"
                  fill-rule="evenodd"
                />
              </svg>
            </span>
            <span
              class="StyledProps--font StyledProps--main StyledProps--inline StyledProps--padding-left-small StyledProps--font-variation-small-semi StyledProps--color StyledProps--color-white"
            >
              Test_3
            </span>
          </div>
          <span
            class="bp3-popover-wrapper bp3-dark"
          >
            <span
              class="bp3-popover-target"
            >
              <span
                class="bp3-icon StyledProps--main"
                data-icon="Options"
              >
                <svg
                  fill="none"
                  height="16"
                  viewBox="0 0 4 16"
                  width="16"
                  xmlns="http://www.w3.org/2000/svg"
                >
                  <path
                    clip-rule="evenodd"
                    d="M2 12.5a1 1 0 100 2 1 1 0 000-2zm-2 1a2 2 0 114 0 2 2 0 01-4 0zm2-12a1 1 0 100 2 1 1 0 000-2zm-2 1a2 2 0 114 0 2 2 0 01-4 0zM2 7a1 1 0 100 2 1 1 0 000-2zM0 8a2 2 0 114 0 2 2 0 01-4 0z"
                    fill="currentColor"
                    fill-rule="evenodd"
                  />
                </svg>
              </span>
            </span>
          </span>
        </div>
      </div>
      <div
        class="StyledProps--font StyledProps--main StyledProps--padding-xlarge"
      >
        <p
          class="StyledProps--font StyledProps--main StyledProps--border StyledProps--border-top StyledProps--border-color-white StyledProps--padding-bottom-medium"
          style="opacity: 0.1;"
        />
        <p
          class="StyledProps--font StyledProps--main StyledProps--margin-bottom-medium StyledProps--color StyledProps--color-white"
        >
          filters.name
        </p>
        <div
          class="TextInput--main"
        >
          <div
            class="bp3-input-group"
          >
            <input
              class="bp3-input"
              color="white"
              placeholder="filters.typeFilterName"
              style="background-color: transparent;"
              type="text"
              value="mock_name"
            />
          </div>
        </div>
        <div
          class="Layout--vertical Layout--layout-spacing-small StyledProps--main StyledProps--margin-top-small StyledProps--margin-bottom-large"
        >
          <p
            class="StyledProps--font StyledProps--main StyledProps--color StyledProps--color-white StyledProps--margin-top-medium StyledProps--margin-bottom-medium"
          >
            filters.filterVisibility
          </p>
          <label
            class="bp3-control bp3-radio bp3-large StyledProps--font Radio--radio radioBtnLabel StyledProps--main"
          >
            <input
              checked=""
              type="radio"
              value="EveryOne"
            />
            <span
              class="bp3-control-indicator"
            />
            filters.visibleToEveryone
          </label>
          <label
            class="bp3-control bp3-radio bp3-large StyledProps--font Radio--radio radioBtnLabel StyledProps--main"
          >
            <input
              type="radio"
              value="OnlyCreator"
            />
            <span
              class="bp3-control-indicator"
            />
            filters.visibileToOnlyMe
          </label>
        </div>
        <button
          class="bp3-button bp3-disabled bp3-loading Button--button StyledProps--font StyledProps--main Button--with-current-color Button--variation Button--variation-secondary"
          disabled=""
          tabindex="-1"
          type="button"
        >
          <div
            class="bp3-spinner bp3-button-spinner"
          >
            <div
              class="bp3-spinner-animation"
            >
              <svg
                height="20"
                stroke-width="16.00"
                viewBox="-3.00 -3.00 106.00 106.00"
                width="20"
              >
                <path
                  class="bp3-spinner-track"
                  d="M 50,50 m 0,-45 a 45,45 0 1 1 0,90 a 45,45 0 1 1 0,-90"
                />
                <path
                  class="bp3-spinner-head"
                  d="M 50,50 m 0,-45 a 45,45 0 1 1 0,90 a 45,45 0 1 1 0,-90"
                  pathLength="280"
                  stroke-dasharray="280 280"
                  stroke-dashoffset="210"
                />
              </svg>
            </div>
          </div>
          <span
            class="bp3-button-text"
          >
            save
          </span>
        </button>
        <button
          class="bp3-button Button--button StyledProps--font StyledProps--main radioBtnLabel StyledProps--margin-left-small Button--with-current-color Button--variation Button--variation-link"
          type="button"
        >
          <span
            class="bp3-button-text"
          >
            cancel
          </span>
        </button>
      </div>
    </div>
  </div>
</div>
`;
